[2026-01-17, 10:07:41] [ERROR] Error: Cannot find module 'better-sqlite3'
Require stack:
- C:\Users\Enderman\node_modules\quick.db\out\drivers\SqliteDriver.js
- C:\Users\Enderman\node_modules\quick.db\out\index.js
- C:\Users\Enderman\Downloads\Champion_Ultra\Champion_Ultra\structures\Client.js
- C:\Users\Enderman\Downloads\Champion_Ultra\Champion_Ultra\index.js
    at Module._resolveFilename (node:internal/modules/cjs/loader:1421:15)
    at defaultResolveImpl (node:internal/modules/cjs/loader:1059:19)
    at resolveForCJSWithHooks (node:internal/modules/cjs/loader:1064:22)
    at Module._load (node:internal/modules/cjs/loader:1227:37)
    at TracingChannel.traceSync (node:diagnostics_channel:328:14)
    at wrapModuleLoad (node:internal/modules/cjs/loader:245:24)
    at Module.require (node:internal/modules/cjs/loader:1504:12)
    at require (node:internal/modules/helpers:152:16)
    at new SqliteDriver (C:\Users\Enderman\node_modules\quick.db\out\drivers\SqliteDriver.js:11:25)
    at new QuickDB (C:\Users\Enderman\node_modules\quick.db\out\index.js:29:28)
[2026-01-17, 10:07:41] [ERROR] Error: Cannot find module 'better-sqlite3'
Require stack:
- C:\Users\Enderman\node_modules\quick.db\out\drivers\SqliteDriver.js
- C:\Users\Enderman\node_modules\quick.db\out\index.js
- C:\Users\Enderman\Downloads\Champion_Ultra\Champion_Ultra\structures\Client.js
- C:\Users\Enderman\Downloads\Champion_Ultra\Champion_Ultra\index.js
    at Module._resolveFilename (node:internal/modules/cjs/loader:1421:15)
    at defaultResolveImpl (node:internal/modules/cjs/loader:1059:19)
    at resolveForCJSWithHooks (node:internal/modules/cjs/loader:1064:22)
    at Module._load (node:internal/modules/cjs/loader:1227:37)
    at TracingChannel.traceSync (node:diagnostics_channel:328:14)
    at wrapModuleLoad (node:internal/modules/cjs/loader:245:24)
    at Module.require (node:internal/modules/cjs/loader:1504:12)
    at require (node:internal/modules/helpers:152:16)
    at new SqliteDriver (C:\Users\Enderman\node_modules\quick.db\out\drivers\SqliteDriver.js:11:25)
    at new QuickDB (C:\Users\Enderman\node_modules\quick.db\out\index.js:29:28)
[2026-01-17, 10:07:41] [ERROR] Error: extractors.loadDefault() is no longer supported. Use extractors.loadMulti instead. Example:
	import { DefaultExtractors } from '@discord-player/extractor';
	await player.extractors.loadMulti(DefaultExtractors);

    at _ExtractorExecutionContext.loadDefault (C:\Users\Enderman\node_modules\discord-player\dist\index.js:2094:11)
    at C:\Users\Enderman\Downloads\Champion_Ultra\Champion_Ultra\structures\Client.js:70:36
    at process.processTicksAndRejections (node:internal/process/task_queues:103:5)
[2026-01-17, 10:08:20] [ERROR] Error: Cannot find module 'cron'
Require stack:
- C:\Users\Enderman\Downloads\Champion_Ultra\Champion_Ultra\events\client\ready.js
- C:\Users\Enderman\Downloads\Champion_Ultra\Champion_Ultra\handlers\events.js
- C:\Users\Enderman\Downloads\Champion_Ultra\Champion_Ultra\index.js
    at Module._resolveFilename (node:internal/modules/cjs/loader:1421:15)
    at defaultResolveImpl (node:internal/modules/cjs/loader:1059:19)
    at resolveForCJSWithHooks (node:internal/modules/cjs/loader:1064:22)
    at Module._load (node:internal/modules/cjs/loader:1227:37)
    at TracingChannel.traceSync (node:diagnostics_channel:328:14)
    at wrapModuleLoad (node:internal/modules/cjs/loader:245:24)
    at Module.require (node:internal/modules/cjs/loader:1504:12)
    at require (node:internal/modules/helpers:152:16)
    at Object.<anonymous> (C:\Users\Enderman\Downloads\Champion_Ultra\Champion_Ultra\events\client\ready.js:5:14)
    at Module._compile (node:internal/modules/cjs/loader:1761:14)
[2026-01-17, 10:08:20] [ERROR] Error: Cannot find module 'canvas'
Require stack:
- C:\Users\Enderman\Downloads\Champion_Ultra\Champion_Ultra\events\guild\guildMemberAdd.js
- C:\Users\Enderman\Downloads\Champion_Ultra\Champion_Ultra\handlers\events.js
- C:\Users\Enderman\Downloads\Champion_Ultra\Champion_Ultra\index.js
    at Module._resolveFilename (node:internal/modules/cjs/loader:1421:15)
    at defaultResolveImpl (node:internal/modules/cjs/loader:1059:19)
    at resolveForCJSWithHooks (node:internal/modules/cjs/loader:1064:22)
    at Module._load (node:internal/modules/cjs/loader:1227:37)
    at TracingChannel.traceSync (node:diagnostics_channel:328:14)
    at wrapModuleLoad (node:internal/modules/cjs/loader:245:24)
    at Module.require (node:internal/modules/cjs/loader:1504:12)
    at require (node:internal/modules/helpers:152:16)
    at Object.<anonymous> (C:\Users\Enderman\Downloads\Champion_Ultra\Champion_Ultra\events\guild\guildMemberAdd.js:4:16)
    at Module._compile (node:internal/modules/cjs/loader:1761:14)
[2026-01-17, 10:08:20] [ERROR] Error: Cannot find module 'mathjs'
Require stack:
- C:\Users\Enderman\Downloads\Champion_Ultra\Champion_Ultra\commands\utility\calculate.js
- C:\Users\Enderman\Downloads\Champion_Ultra\Champion_Ultra\handlers\commands.js
- C:\Users\Enderman\Downloads\Champion_Ultra\Champion_Ultra\index.js
    at Module._resolveFilename (node:internal/modules/cjs/loader:1421:15)
    at defaultResolveImpl (node:internal/modules/cjs/loader:1059:19)
    at resolveForCJSWithHooks (node:internal/modules/cjs/loader:1064:22)
    at Module._load (node:internal/modules/cjs/loader:1227:37)
    at TracingChannel.traceSync (node:diagnostics_channel:328:14)
    at wrapModuleLoad (node:internal/modules/cjs/loader:245:24)
    at Module.require (node:internal/modules/cjs/loader:1504:12)
    at require (node:internal/modules/helpers:152:16)
    at Object.<anonymous> (C:\Users\Enderman\Downloads\Champion_Ultra\Champion_Ultra\commands\utility\calculate.js:3:14)
    at Module._compile (node:internal/modules/cjs/loader:1761:14)
[2026-01-17, 10:08:20] [ERROR] Error: Cannot find module 'canvas'
Require stack:
- C:\Users\Enderman\Downloads\Champion_Ultra\Champion_Ultra\commands\member\level.js
- C:\Users\Enderman\Downloads\Champion_Ultra\Champion_Ultra\handlers\commands.js
- C:\Users\Enderman\Downloads\Champion_Ultra\Champion_Ultra\index.js
    at Module._resolveFilename (node:internal/modules/cjs/loader:1421:15)
    at defaultResolveImpl (node:internal/modules/cjs/loader:1059:19)
    at resolveForCJSWithHooks (node:internal/modules/cjs/loader:1064:22)
    at Module._load (node:internal/modules/cjs/loader:1227:37)
    at TracingChannel.traceSync (node:diagnostics_channel:328:14)
    at wrapModuleLoad (node:internal/modules/cjs/loader:245:24)
    at Module.require (node:internal/modules/cjs/loader:1504:12)
    at require (node:internal/modules/helpers:152:16)
    at Object.<anonymous> (C:\Users\Enderman\Downloads\Champion_Ultra\Champion_Ultra\commands\member\level.js:4:16)
    at Module._compile (node:internal/modules/cjs/loader:1761:14)
[2026-01-17, 10:08:21] [ERROR] Error: extractors.loadDefault() is no longer supported. Use extractors.loadMulti instead. Example:
	import { DefaultExtractors } from '@discord-player/extractor';
	await player.extractors.loadMulti(DefaultExtractors);

    at _ExtractorExecutionContext.loadDefault (C:\Users\Enderman\node_modules\discord-player\dist\index.js:2094:11)
    at C:\Users\Enderman\Downloads\Champion_Ultra\Champion_Ultra\structures\Client.js:70:36
    at process.processTicksAndRejections (node:internal/process/task_queues:103:5)
[2026-01-17, 10:09:01] [ERROR] Error: Cannot find module 'captcha-canvas'
Require stack:
- C:\Users\Enderman\Downloads\Champion_Ultra\Champion_Ultra\events\guild\guildMemberAdd.js
- C:\Users\Enderman\Downloads\Champion_Ultra\Champion_Ultra\handlers\events.js
- C:\Users\Enderman\Downloads\Champion_Ultra\Champion_Ultra\index.js
    at Module._resolveFilename (node:internal/modules/cjs/loader:1421:15)
    at defaultResolveImpl (node:internal/modules/cjs/loader:1059:19)
    at resolveForCJSWithHooks (node:internal/modules/cjs/loader:1064:22)
    at Module._load (node:internal/modules/cjs/loader:1227:37)
    at TracingChannel.traceSync (node:diagnostics_channel:328:14)
    at wrapModuleLoad (node:internal/modules/cjs/loader:245:24)
    at Module.require (node:internal/modules/cjs/loader:1504:12)
    at require (node:internal/modules/helpers:152:16)
    at Object.<anonymous> (C:\Users\Enderman\Downloads\Champion_Ultra\Champion_Ultra\events\guild\guildMemberAdd.js:5:31)
    at Module._compile (node:internal/modules/cjs/loader:1761:14)
[2026-01-17, 10:09:03] [ERROR] Error: extractors.loadDefault() is no longer supported. Use extractors.loadMulti instead. Example:
	import { DefaultExtractors } from '@discord-player/extractor';
	await player.extractors.loadMulti(DefaultExtractors);

    at _ExtractorExecutionContext.loadDefault (C:\Users\Enderman\node_modules\discord-player\dist\index.js:2094:11)
    at C:\Users\Enderman\Downloads\Champion_Ultra\Champion_Ultra\structures\Client.js:70:36
    at process.processTicksAndRejections (node:internal/process/task_queues:103:5)
[2026-01-17, 10:09:30] [ERROR] Error: extractors.loadDefault() is no longer supported. Use extractors.loadMulti instead. Example:
	import { DefaultExtractors } from '@discord-player/extractor';
	await player.extractors.loadMulti(DefaultExtractors);

    at _ExtractorExecutionContext.loadDefault (C:\Users\Enderman\node_modules\discord-player\dist\index.js:2094:11)
    at C:\Users\Enderman\Downloads\Champion_Ultra\Champion_Ultra\structures\Client.js:70:36
    at process.processTicksAndRejections (node:internal/process/task_queues:103:5)
[2026-01-17, 22:38:23] [ERROR] Error: extractors.loadDefault() is no longer supported. Use extractors.loadMulti instead. Example:
	import { DefaultExtractors } from '@discord-player/extractor';
	await player.extractors.loadMulti(DefaultExtractors);

    at _ExtractorExecutionContext.loadDefault (C:\Users\Enderman\node_modules\discord-player\dist\index.js:2094:11)
    at C:\Users\Enderman\Downloads\Champion_Ultra\Champion_Ultra\structures\Client.js:70:36
    at process.processTicksAndRejections (node:internal/process/task_queues:103:5)
[2026-01-18, 00:00:10] [ERROR] Announce Birthdays options is enabled but Birthdays Channel is not setuped.
[2026-01-20, 16:49:12] [ERROR] Error: extractors.loadDefault() is no longer supported. Use extractors.loadMulti instead. Example:
	import { DefaultExtractors } from '@discord-player/extractor';
	await player.extractors.loadMulti(DefaultExtractors);

    at _ExtractorExecutionContext.loadDefault (C:\Users\Enderman\node_modules\discord-player\dist\index.js:2094:11)
    at C:\Users\Enderman\Downloads\Champion_Ultra\Champion_Ultra\structures\Client.js:70:36
    at process.processTicksAndRejections (node:internal/process/task_queues:103:5)
